<?xml version='1.0' encoding='utf-8'?>
<testsuites name="cocotb tests"><testsuite name="test_fifo" errors="0" failures="1" skipped="0" tests="1" time="0.001" timestamp="2026-09-05T21:33:49.985170+00:00" hostname="DESKTOP-S1VI5I4"><testcase classname="test_fifo" name="comprehensive_fifo_test" time="0.001"><failure message="Expected empty=1 after reset, got 0&#10;assert Logic('0') == 1&#10; +  where Logic('0') = LogicObject(fifo.empty).value&#10; +    where LogicObject(fifo.empty) = HierarchyObject(fifo with definition fifo (at /home/sina/agentic-verification/src/fifo_buggy.v)).empty" type="AssertionError">Traceback (most recent call last):
  File "/home/sina/agentic-verification/tests/test_fifo.py", line 23, in comprehensive_fifo_test
    assert dut.empty.value == 1, f"Expected empty=1 after reset, got {dut.empty.value}"
AssertionError: Expected empty=1 after reset, got 0
assert Logic('0') == 1
 +  where Logic('0') = LogicObject(fifo.empty).value
 +    where LogicObject(fifo.empty) = HierarchyObject(fifo with definition fifo (at /home/sina/agentic-verification/src/fifo_buggy.v)).empty
</failure><properties><property name="cocotb" value="True" /><property name="random_seed" value="1788644029" /><property name="file" value="/home/sina/agentic-verification/tests/test_fifo.py" /><property name="line" value="5" /><property name="sim_time_unit" value="ns" /><property name="sim_time_start" value="0.0" /><property name="sim_time_stop" value="20.0" /><property name="sim_time_duration" value="20.0" /><property name="sim_time_ratio" value="30456.002467278515" /></properties><system-err>Test failed with COCOTB_RANDOM_SEED=1788644029
</system-err></testcase></testsuite></testsuites>